// Jest Snapshot v1, https://goo.gl/fbAQLP

exports[`Test Home component Should render Product component two times 1`] = `undefined`;
