// Jest Snapshot v1, https://goo.gl/fbAQLP

exports[`Test Photo component Should match snapshot 1`] = `undefined`;
