// Jest Snapshot v1, https://goo.gl/fbAQLP

exports[`Test Product component Should render product component 1`] = `undefined`;
