// Jest Snapshot v1, https://goo.gl/fbAQLP

exports[`Test Property component Should renders correctly 1`] = `undefined`;
