// Jest Snapshot v1, https://goo.gl/fbAQLP

exports[`Test RecommendedBeer component Should match snapshot 1`] = `undefined`;
