// Jest Snapshot v1, https://goo.gl/fbAQLP

exports[`Test Separator component Should renders correctly 1`] = `undefined`;
